// Jest Snapshot v1, https://goo.gl/fbAQLP

exports[`LiftListItem 1`] = `
<div
  className="MuiPaper-root-1 MuiPaper-elevation1-4 MuiPaper-rounded-2"
>
  <a
    className="MuiButtonBase-root-38 MuiListItem-root-28 MuiListItem-default-31 MuiListItem-gutters-35 MuiListItem-button-36"
    href="#/73"
    onBlur={[Function]}
    onFocus={[Function]}
    onKeyDown={[Function]}
    onKeyUp={[Function]}
    onMouseDown={[Function]}
    onMouseLeave={[Function]}
    onMouseUp={[Function]}
    onTouchEnd={[Function]}
    onTouchMove={[Function]}
    onTouchStart={[Function]}
    role="button"
    tabIndex="0"
  >
    <div
      className="MuiListItemText-root-41 MuiListItemText-inset-42"
    >
      <h3
        className="MuiTypography-root-47 MuiTypography-subheading-54 MuiListItemText-primary-44"
      >
        Squats
      </h3>
      <p
        className="MuiTypography-root-47 MuiTypography-body1-56 MuiTypography-colorTextSecondary-69 MuiListItemText-secondary-45"
      >
        300 lbs
      </p>
    </div>
    <span
      className="MuiTouchRipple-root-71"
    />
  </a>
</div>
`;
